Thu Jan  1 00:00:14 UTC 1970 Image verify failed but ignored due to ENV setting
Thu Jan  1 00:00:14 UTC 1970 Image verify failed but ignored due to ENV setting
Thu Jan  1 00:00:14 UTC 1970 Image verify failed but ignored due to ENV setting
Thu Jan  1 00:00:14 UTC 1970 Image verify failed but ignored due to ENV setting
Thu Jan  1 00:00:14 UTC 1970 Image verify failed but ignored due to ENV setting
Thu Jan  1 00:00:14 UTC 1970 Image verify failed but ignored due to ENV setting
Thu Jan  1 00:00:14 UTC 1970 Image verify failed but ignored due to ENV setting
Thu Jan  1 00:00:14 UTC 1970 Image verify failed but ignored due to ENV setting
Thu Jan  1 00:00:14 UTC 1970 Image verify failed but ignored due to ENV setting
Thu Jan  1 00:00:14 UTC 1970 Image verify failed but ignored due to ENV setting
Thu Jan  1 00:00:14 UTC 1970 Image verify failed but ignored due to ENV setting
Thu Jan  1 00:00:14 UTC 1970 Image verify failed but ignored due to ENV setting
Thu Jan  1 00:00:14 UTC 1970 Image verify failed but ignored due to ENV setting
Thu Jan  1 00:00:14 UTC 1970 Image verify failed but ignored due to ENV setting
Thu Jan  1 00:00:14 UTC 1970 Image verify failed but ignored due to ENV setting
Thu Jan  1 00:00:14 UTC 1970 Image verify failed but ignored due to ENV setting
Thu Jan  1 00:00:14 Universal 1970 Image verify failed but ignored due to ENV setting
Thu Jan  1 00:00:14 Universal 1970 Image verify failed but ignored due to ENV setting
Thu Jan  1 00:00:14 Universal 1970 Image verify failed but ignored due to ENV setting
Thu Jan  1 00:00:14 Universal 1970 Image verify failed but ignored due to ENV setting
Thu Jan  1 00:00:14 Universal 1970 Image verify failed but ignored due to ENV setting
Thu Jan  1 00:00:14 Universal 1970 Image verify failed but ignored due to ENV setting
Thu Jan  1 00:00:14 Universal 1970 Image verify failed but ignored due to ENV setting
Thu Jan  1 00:00:14 Universal 1970 Image verify failed but ignored due to ENV setting
Thu Jan  1 00:00:17 UTC 1970 Image verify failed but ignored due to ENV setting
Thu Jan  1 00:00:17 UTC 1970 Image verify failed but ignored due to ENV setting
Thu Jan  1 00:00:14 Universal 1970 Image verify failed but ignored due to ENV setting
Thu Jan  1 00:00:17 UTC 1970 Image verify failed but ignored due to ENV setting
Thu Jan  1 00:00:14 Universal 1970 Image verify failed but ignored due to ENV setting
Thu Jan  1 00:00:14 Universal 1970 Image verify failed but ignored due to ENV setting
Thu Jan  1 00:00:14 Universal 1970 Image verify failed but ignored due to ENV setting
Thu Jan  1 00:00:14 Universal 1970 Image verify failed but ignored due to ENV setting
Thu Jan  1 00:00:14 Universal 1970 Image verify failed but ignored due to ENV setting
Thu Jan  1 00:00:14 Universal 1970 Image verify failed but ignored due to ENV setting
Thu Jan  1 00:00:14 Universal 1970 Image verify failed but ignored due to ENV setting
Thu Jan  1 00:00:14 Universal 1970 Image verify failed but ignored due to ENV setting
Thu Jan  1 00:00:14 Universal 1970 Image verify failed but ignored due to ENV setting
Thu Jan  1 00:00:14 Universal 1970 Image verify failed but ignored due to ENV setting
Thu Jan  1 00:00:14 Universal 1970 Image verify failed but ignored due to ENV setting
Thu Jan  1 00:00:14 Universal 1970 Image verify failed but ignored due to ENV setting
Thu Jan  1 00:00:14 Universal 1970 Image verify failed but ignored due to ENV setting
Thu Jan  1 00:00:14 Universal 1970 Image verify failed but ignored due to ENV setting
Thu Jan  1 00:00:14 Universal 1970 Image verify failed but ignored due to ENV setting
Thu Jan  1 00:00:14 Universal 1970 Image verify failed but ignored due to ENV setting
Thu Jan  1 00:00:14 Universal 1970 Image verify failed but ignored due to ENV setting
Thu Jan  1 00:00:14 Universal 1970 Image verify failed but ignored due to ENV setting
Thu Jan  1 00:00:14 Universal 1970 Image verify failed but ignored due to ENV setting
Thu Jan  1 00:00:14 Universal 1970 Image verify failed but ignored due to ENV setting
Thu Jan  1 00:00:14 Universal 1970 Image verify failed but ignored due to ENV setting
Thu Jan  1 00:00:14 Universal 1970 Image verify failed but ignored due to ENV setting
Thu Jan  1 00:00:14 Universal 1970 Image verify failed but ignored due to ENV setting
Thu Jan  1 00:00:14 Universal 1970 Image verify failed but ignored due to ENV setting
Thu Jan  1 00:00:14 Universal 1970 Image verify failed but ignored due to ENV setting
Thu Jan  1 00:00:14 Universal 1970 Image verify failed but ignored due to ENV setting
Thu Jan  1 00:00:14 Universal 1970 Image verify failed but ignored due to ENV setting
Thu Jan  1 00:00:14 Universal 1970 Image verify failed but ignored due to ENV setting
Thu Jan  1 00:00:14 Universal 1970 Image verify failed but ignored due to ENV setting
Thu Jan  1 00:00:14 Universal 1970 Image verify failed but ignored due to ENV setting
Thu Jan  1 00:00:14 Universal 1970 Image verify failed but ignored due to ENV setting
Wed Jun  5 20:29:55 Universal 2013 Picoarray has crashed... 
Sat Jun  8 09:43:15 Universal 2013 PID 1292 - ./ipa-mgr_app-i is no longer running.
Sat Jun  8 09:43:16 Universal 2013 PID 1292 - ./ipa-mgr_app-i - Crash log moved to /var/ipaccess/cores/applications/crash_ipa-mgr_app_1370462406_1292.txt
Sat Jun  8 09:43:21 Universal 2013 Picoarray has crashed... 
Wed Jun 12 15:19:08 Universal 2013 Picoarray has crashed... 
Wed Dec  4 08:51:47 Universal 2013 PID 993 - ./ipa-mgr_app-i is no longer running.
Wed Dec  4 08:51:47 Universal 2013 PID 993 - ./ipa-mgr_app-i - Crash log moved to /var/ipaccess/cores/applications/crash_ipa-mgr_app_1385730007_993.txt
Wed Dec  4 08:51:53 Universal 2013 Picoarray has crashed... 
